[0m20:02:57.793243 [debug] [MainThread]: Sending event: {'category': 'dbt', 'action': 'invocation', 'label': 'start', 'context': [<snowplow_tracker.self_describing_json.SelfDescribingJson object at 0x0000026FC66F5400>, <snowplow_tracker.self_describing_json.SelfDescribingJson object at 0x0000026FC8E2FD90>, <snowplow_tracker.self_describing_json.SelfDescribingJson object at 0x0000026FC8E2F890>]}


============================== 20:02:57.798424 | 9c15db96-f19f-4b25-9848-23777ea2c70f ==============================
[0m20:02:57.798424 [info ] [MainThread]: Running with dbt=1.12.0
[0m20:02:57.799022 [debug] [MainThread]: running dbt with arguments {'maximum_seed_size_mib': '1', 'no_print': 'None', 'version_check': 'True', 'warn_error_options': 'WarnErrorOptionsV2(error=[], warn=[], silence=[])', 'target_path': 'None', 'static_parser': 'True', 'printer_width': '80', 'write_json': 'True', 'introspect': 'True', 'log_cache_events': 'False', 'empty': 'None', 'cache_selected_only': 'False', 'log_format': 'default', 'debug': 'False', 'fail_fast': 'False', 'profiles_dir': '.\\dbt', 'send_anonymous_usage_stats': 'True', 'quiet': 'False', 'warn_error': 'None', 'partial_parse': 'True', 'use_colors': 'True', 'hints_enabled': 'True', 'indirect_selection': 'eager', 'use_experimental_parser': 'False', 'invocation_command': 'dbt debug --profiles-dir .\\dbt', 'log_path': 'logs'}
[0m20:02:57.885615 [info ] [MainThread]: dbt version: 1.12.0
[0m20:02:57.886031 [info ] [MainThread]: python version: 3.13.5
[0m20:02:57.886357 [info ] [MainThread]: python path: F:\Project\standalone-first-dispatcher-oms\venv\Scripts\python.exe
[0m20:02:57.886694 [info ] [MainThread]: os info: Windows-11-10.0.22000-SP0
[0m20:02:57.961246 [info ] [MainThread]: Using profiles dir at .\dbt
[0m20:02:57.961668 [info ] [MainThread]: Using profiles.yml file at .\dbt\profiles.yml
[0m20:02:57.961993 [info ] [MainThread]: Using dbt_project.yml file at F:\Project\standalone-first-dispatcher-oms\dbt_project.yml
[0m20:02:57.963200 [info ] [MainThread]: adapter type: postgres
[0m20:02:57.963592 [info ] [MainThread]: adapter version: 1.11.0
[0m20:02:57.964051 [info ] [MainThread]: Configuration:
[0m20:02:57.964403 [info ] [MainThread]:   profiles.yml file [[32mOK found and valid[0m]
[0m20:02:57.964773 [info ] [MainThread]:   dbt_project.yml file [[31mERROR not found[0m]
[0m20:02:57.965133 [info ] [MainThread]: Required dependencies:
[0m20:02:57.965495 [debug] [MainThread]: Executing "git --help"
[0m20:02:58.004654 [debug] [MainThread]: STDOUT: "b"usage: git [-v | --version] [-h | --help] [-C <path>] [-c <name>=<value>]\n           [--exec-path[=<path>]] [--html-path] [--man-path] [--info-path]\n           [-p | --paginate | -P | --no-pager] [--no-replace-objects] [--no-lazy-fetch]\n           [--no-optional-locks] [--no-advice] [--bare] [--git-dir=<path>]\n           [--work-tree=<path>] [--namespace=<name>] [--config-env=<name>=<envvar>]\n           <command> [<args>]\n\nThese are common Git commands used in various situations:\n\nstart a working area (see also: git help tutorial)\n   clone      Clone a repository into a new directory\n   init       Create an empty Git repository or reinitialize an existing one\n\nwork on the current change (see also: git help everyday)\n   add        Add file contents to the index\n   mv         Move or rename a file, a directory, or a symlink\n   restore    Restore working tree files\n   rm         Remove files from the working tree and from the index\n\nexamine the history and state (see also: git help revisions)\n   bisect     Use binary search to find the commit that introduced a bug\n   diff       Show changes between commits, commit and working tree, etc\n   grep       Print lines matching a pattern\n   log        Show commit logs\n   show       Show various types of objects\n   status     Show the working tree status\n\ngrow, mark and tweak your common history\n   backfill   Download missing objects in a partial clone\n   branch     List, create, or delete branches\n   commit     Record changes to the repository\n   merge      Join two or more development histories together\n   rebase     Reapply commits on top of another base tip\n   reset      Reset current HEAD to the specified state\n   switch     Switch branches\n   tag        Create, list, delete or verify a tag object signed with GPG\n\ncollaborate (see also: git help workflows)\n   fetch      Download objects and refs from another repository\n   pull       Fetch from and integrate with another repository or a local branch\n   push       Update remote refs along with associated objects\n\n'git help -a' and 'git help -g' list available subcommands and some\nconcept guides. See 'git help <command>' or 'git help <concept>'\nto read about a specific subcommand or concept.\nSee 'git help git' for an overview of the system.\n""
[0m20:02:58.005187 [debug] [MainThread]: STDERR: "b''"
[0m20:02:58.005885 [info ] [MainThread]:  - git [[32mOK found[0m]

[0m20:02:58.006572 [info ] [MainThread]: Connection:
[0m20:02:58.007245 [info ] [MainThread]:   host: localhost
[0m20:02:58.007855 [info ] [MainThread]:   port: 5432
[0m20:02:58.008441 [info ] [MainThread]:   user: postgres
[0m20:02:58.009113 [info ] [MainThread]:   database: dispatcher_oncall_db
[0m20:02:58.009844 [info ] [MainThread]:   schema: public
[0m20:02:58.010638 [info ] [MainThread]:   connect_timeout: 10
[0m20:02:58.011070 [info ] [MainThread]:   role: None
[0m20:02:58.011417 [info ] [MainThread]:   search_path: None
[0m20:02:58.011750 [info ] [MainThread]:   keepalives_idle: 0
[0m20:02:58.012068 [info ] [MainThread]:   sslmode: None
[0m20:02:58.012389 [info ] [MainThread]:   sslcert: None
[0m20:02:58.012699 [info ] [MainThread]:   sslkey: None
[0m20:02:58.013017 [info ] [MainThread]:   sslrootcert: None
[0m20:02:58.013327 [info ] [MainThread]:   application_name: dbt
[0m20:02:58.013647 [info ] [MainThread]:   autocommit: False
[0m20:02:58.013964 [info ] [MainThread]:   retries: 1
[0m20:02:58.014567 [info ] [MainThread]: Registered adapter: postgres=1.11.0
[0m20:02:58.490343 [debug] [MainThread]: Acquiring new postgres connection 'debug'
[0m20:02:58.628025 [debug] [MainThread]: Using postgres connection "debug"
[0m20:02:58.628394 [debug] [MainThread]: On debug: select 1 as id
[0m20:02:58.628686 [debug] [MainThread]: Opening a new connection, currently in state init
[0m20:03:02.695226 [debug] [MainThread]: Postgres adapter: Got a retryable error when attempting to open a postgres connection.
1 attempts remaining. Retrying in 0 seconds.
Error:
connection to server at "localhost" (::1), port 5432 failed: Connection refused (0x0000274D/10061)
	Is the server running on that host and accepting TCP/IP connections?
connection to server at "localhost" (127.0.0.1), port 5432 failed: Connection refused (0x0000274D/10061)
	Is the server running on that host and accepting TCP/IP connections?

[0m20:03:06.798845 [debug] [MainThread]: Postgres adapter: Error running SQL: select 1 as id
[0m20:03:06.799483 [debug] [MainThread]: Postgres adapter: Rolling back transaction.
[0m20:03:06.799825 [debug] [MainThread]: On debug: No close available on handle
[0m20:03:06.800139 [info ] [MainThread]:   Connection test: [[31mERROR[0m]

[0m20:03:06.800550 [info ] [MainThread]: [31m2 checks failed:[0m
[0m20:03:06.800884 [info ] [MainThread]: Project loading failed for the following reason:
 project path <F:\Project\standalone-first-dispatcher-oms\dbt_project.yml> not found

[0m20:03:06.801234 [info ] [MainThread]: dbt was unable to connect to the specified database.
The database returned the following error:

  >Database Error
  connection to server at "localhost" (::1), port 5432 failed: Connection refused (0x0000274D/10061)
  	Is the server running on that host and accepting TCP/IP connections?
  connection to server at "localhost" (127.0.0.1), port 5432 failed: Connection refused (0x0000274D/10061)
  	Is the server running on that host and accepting TCP/IP connections?
  

Check your database credentials and try again. For more information, visit:
https://docs.getdbt.com/docs/configure-your-profile


[0m20:03:06.802705 [debug] [MainThread]: Command `dbt debug` failed at 20:03:06.802507 after 9.16 seconds
[0m20:03:06.803340 [debug] [MainThread]: Connection 'debug' was properly closed.
[0m20:03:06.803963 [debug] [MainThread]: Sending event: {'category': 'dbt', 'action': 'invocation', 'label': 'end', 'context': [<snowplow_tracker.self_describing_json.SelfDescribingJson object at 0x0000026FC9380640>, <snowplow_tracker.self_describing_json.SelfDescribingJson object at 0x0000026FC903A8D0>, <snowplow_tracker.self_describing_json.SelfDescribingJson object at 0x0000026FC8EDFBD0>]}
[0m20:03:06.804634 [debug] [MainThread]: Flushing usage events
[0m20:03:08.134773 [debug] [MainThread]: An error was encountered while trying to flush usage events
